SQL> @q1
SQL> select sum(t1.num), sum(t2.num)
  2  from   table1 t1
  3  join table2 t2 on (t1.id = t2.id);

SUM(T1.NUM) SUM(T2.NUM)
----------- -----------
          1          10

SQL> 
SQL> @plan
SQL> set linesize 200
SQL> set tab off
SQL> set pagesize 1000
SQL> column plan_table_output format a180
SQL> 
SQL> SELECT *
  2  FROM table(DBMS_XPLAN.DISPLAY_CURSOR(FORMAT=>'TYPICAL'));

PLAN_TABLE_OUTPUT                                                                                                                                                                   
------------------------------------------------------------------------------------------------------------------------------------------------------------------------------------
SQL_ID  60t3bw2rtn35d, child number 6                                                                                                                                               
-------------------------------------                                                                                                                                               
select sum(t1.num), sum(t2.num) from   table1 t1 join table2 t2 on                                                                                                                  
(t1.id = t2.id)                                                                                                                                                                     
                                                                                                                                                                                    
Plan hash value: 339338377                                                                                                                                                          
                                                                                                                                                                                    
---------------------------------------------------------------------------------------------------                                                                                 
| Id  | Operation            | Name                       | Rows  | Bytes | Cost (%CPU)| Time     |                                                                                 
---------------------------------------------------------------------------------------------------                                                                                 
|   0 | SELECT STATEMENT     |                            |       |       |     4 (100)|          |                                                                                 
|   1 |  RESULT CACHE        | 86m6ud7jmfq443pumuj63z1bmd |       |       |            |          |                                                                                 
|   2 |   SORT AGGREGATE     |                            |     1 |    52 |            |          |                                                                                 
|*  3 |    HASH JOIN         |                            |     1 |    52 |     4   (0)| 00:00:01 |                                                                                 
|   4 |     TABLE ACCESS FULL| TABLE2                     |     1 |    26 |     2   (0)| 00:00:01 |                                                                                 
|   5 |     TABLE ACCESS FULL| TABLE1                     |  1000 | 26000 |     2   (0)| 00:00:01 |                                                                                 
---------------------------------------------------------------------------------------------------                                                                                 
                                                                                                                                                                                    
Predicate Information (identified by operation id):                                                                                                                                 
---------------------------------------------------                                                                                                                                 
                                                                                                                                                                                    
   3 - access("T1"."ID"="T2"."ID")                                                                                                                                                  
                                                                                                                                                                                    
Result Cache Information (identified by operation id):                                                                                                                              
------------------------------------------------------                                                                                                                              
                                                                                                                                                                                    
   1 -                                                                                                                                                                              
                                                                                                                                                                                    
Note                                                                                                                                                                                
-----                                                                                                                                                                               
   - dynamic statistics used: dynamic sampling (level=2)                                                                                                                            
   - automatic DOP: Computed Degree of Parallelism is 1 because of no expensive parallel operation                                                                                  
                                                                                                                                                                                    

33 rows selected. 

SQL> 
SQL> spool off
