SQL> @q6
SQL> --
SQL> -- A hash join plan with statistics
SQL> -- TASKS is filtered and is on the
SQL> -- left hand side of hash join.
SQL> --
SQL> select /*+ gather_plan_statistics  */
  2         e.ename as "Employee Name",
  3         t.tname as "Task Name"
  4  from   employees        e
  5         join tasks t on (t.emp_id = e.id)
  6  where  t.ttype <= 50;

Employee Name
----------------------------------------------------------------------------------------------------
Task Name
----------------------------------------------------------------------------------------------------
Employee Name 29
Task Name 28

Employee Name 29
Task Name 10028

Employee Name 30
Task Name 29

Employee Name 30
Task Name 10029

Employee Name 31
Task Name 30

Employee Name 31
Task Name 10030

Employee Name 32
Task Name 31

Employee Name 32
Task Name 10031

Employee Name 33
Task Name 32

Employee Name 33
Task Name 10032

Employee Name 34
Task Name 33

Employee Name 34
Task Name 10033

Employee Name 35
Task Name 34

Employee Name 35
Task Name 10034

Employee Name 1
Task Name 10000

Employee Name 1
Task Name 20000

Employee Name 2
Task Name 1

Employee Name 2
Task Name 10001

Employee Name 3
Task Name 2

Employee Name 3
Task Name 10002

Employee Name 4
Task Name 3

Employee Name 4
Task Name 10003

Employee Name 5
Task Name 4

Employee Name 5
Task Name 10004

Employee Name 6
Task Name 5

Employee Name 6
Task Name 10005

Employee Name 7
Task Name 6

Employee Name 7
Task Name 10006

Employee Name 8
Task Name 7

Employee Name 8
Task Name 10007

Employee Name 9
Task Name 8

Employee Name 9
Task Name 10008

Employee Name 10
Task Name 9

Employee Name 10
Task Name 10009

Employee Name 11
Task Name 10

Employee Name 11
Task Name 10010

Employee Name 12
Task Name 11

Employee Name 12
Task Name 10011

Employee Name 13
Task Name 12

Employee Name 13
Task Name 10012

Employee Name 14
Task Name 13

Employee Name 14
Task Name 10013

Employee Name 15
Task Name 14

Employee Name 15
Task Name 10014

Employee Name 16
Task Name 15

Employee Name 16
Task Name 10015

Employee Name 17
Task Name 16

Employee Name 17
Task Name 10016

Employee Name 18
Task Name 17

Employee Name 18
Task Name 10017

Employee Name 19
Task Name 18

Employee Name 19
Task Name 10018

Employee Name 20
Task Name 19

Employee Name 20
Task Name 10019

Employee Name 21
Task Name 20

Employee Name 21
Task Name 10020

Employee Name 22
Task Name 21

Employee Name 22
Task Name 10021

Employee Name 23
Task Name 22

Employee Name 23
Task Name 10022

Employee Name 24
Task Name 23

Employee Name 24
Task Name 10023

Employee Name 25
Task Name 24

Employee Name 25
Task Name 10024

Employee Name 26
Task Name 25

Employee Name 26
Task Name 10025

Employee Name 27
Task Name 26

Employee Name 27
Task Name 10026

Employee Name 28
Task Name 27

Employee Name 28
Task Name 10027

Employee Name 36
Task Name 35

Employee Name 36
Task Name 10035

Employee Name 37
Task Name 36

Employee Name 37
Task Name 10036

Employee Name 38
Task Name 37

Employee Name 38
Task Name 10037

Employee Name 39
Task Name 38

Employee Name 39
Task Name 10038

Employee Name 40
Task Name 39

Employee Name 40
Task Name 10039

Employee Name 41
Task Name 40

Employee Name 41
Task Name 10040

Employee Name 42
Task Name 41

Employee Name 42
Task Name 10041

Employee Name 43
Task Name 42

Employee Name 43
Task Name 10042

Employee Name 44
Task Name 43

Employee Name 44
Task Name 10043

Employee Name 45
Task Name 44

Employee Name 45
Task Name 10044

Employee Name 46
Task Name 45

Employee Name 46
Task Name 10045

Employee Name 47
Task Name 46

Employee Name 47
Task Name 10046

Employee Name 48
Task Name 47

Employee Name 48
Task Name 10047

Employee Name 49
Task Name 48

Employee Name 49
Task Name 10048

Employee Name 50
Task Name 49

Employee Name 50
Task Name 10049

Employee Name 505
Task Name 504

Employee Name 505
Task Name 10504

Employee Name 506
Task Name 505

Employee Name 506
Task Name 10505

Employee Name 507
Task Name 506

Employee Name 507
Task Name 10506

Employee Name 508
Task Name 507

Employee Name 508
Task Name 10507

Employee Name 509
Task Name 508

Employee Name 509
Task Name 10508

Employee Name 510
Task Name 509

Employee Name 510
Task Name 10509

Employee Name 511
Task Name 510

Employee Name 511
Task Name 10510

Employee Name 501
Task Name 500

Employee Name 501
Task Name 10500

Employee Name 502
Task Name 501

Employee Name 502
Task Name 10501

Employee Name 503
Task Name 502

Employee Name 503
Task Name 10502

Employee Name 504
Task Name 503

Employee Name 504
Task Name 10503

Employee Name 526
Task Name 525

Employee Name 526
Task Name 10525

Employee Name 527
Task Name 526

Employee Name 527
Task Name 10526

Employee Name 528
Task Name 527

Employee Name 528
Task Name 10527

Employee Name 529
Task Name 528

Employee Name 529
Task Name 10528

Employee Name 530
Task Name 529

Employee Name 530
Task Name 10529

Employee Name 531
Task Name 530

Employee Name 531
Task Name 10530

Employee Name 532
Task Name 531

Employee Name 532
Task Name 10531

Employee Name 533
Task Name 532

Employee Name 533
Task Name 10532

Employee Name 534
Task Name 533

Employee Name 534
Task Name 10533

Employee Name 535
Task Name 534

Employee Name 535
Task Name 10534

Employee Name 536
Task Name 535

Employee Name 536
Task Name 10535

Employee Name 537
Task Name 536

Employee Name 537
Task Name 10536

Employee Name 538
Task Name 537

Employee Name 538
Task Name 10537

Employee Name 539
Task Name 538

Employee Name 539
Task Name 10538

Employee Name 540
Task Name 539

Employee Name 540
Task Name 10539

Employee Name 541
Task Name 540

Employee Name 541
Task Name 10540

Employee Name 542
Task Name 541

Employee Name 542
Task Name 10541

Employee Name 543
Task Name 542

Employee Name 543
Task Name 10542

Employee Name 544
Task Name 543

Employee Name 544
Task Name 10543

Employee Name 545
Task Name 544

Employee Name 545
Task Name 10544

Employee Name 546
Task Name 545

Employee Name 546
Task Name 10545

Employee Name 547
Task Name 546

Employee Name 547
Task Name 10546

Employee Name 548
Task Name 547

Employee Name 548
Task Name 10547

Employee Name 549
Task Name 548

Employee Name 549
Task Name 10548

Employee Name 550
Task Name 549

Employee Name 550
Task Name 10549

Employee Name 512
Task Name 511

Employee Name 512
Task Name 10511

Employee Name 513
Task Name 512

Employee Name 513
Task Name 10512

Employee Name 514
Task Name 513

Employee Name 514
Task Name 10513

Employee Name 515
Task Name 514

Employee Name 515
Task Name 10514

Employee Name 516
Task Name 515

Employee Name 516
Task Name 10515

Employee Name 517
Task Name 516

Employee Name 517
Task Name 10516

Employee Name 518
Task Name 517

Employee Name 518
Task Name 10517

Employee Name 519
Task Name 518

Employee Name 519
Task Name 10518

Employee Name 520
Task Name 519

Employee Name 520
Task Name 10519

Employee Name 521
Task Name 520

Employee Name 521
Task Name 10520

Employee Name 522
Task Name 521

Employee Name 522
Task Name 10521

Employee Name 523
Task Name 522

Employee Name 523
Task Name 10522

Employee Name 524
Task Name 523

Employee Name 524
Task Name 10523

Employee Name 525
Task Name 524

Employee Name 525
Task Name 10524

Employee Name 1501
Task Name 1500

Employee Name 1501
Task Name 11500

Employee Name 1502
Task Name 1501

Employee Name 1502
Task Name 11501

Employee Name 1503
Task Name 1502

Employee Name 1503
Task Name 11502

Employee Name 1504
Task Name 1503

Employee Name 1504
Task Name 11503

Employee Name 1505
Task Name 1504

Employee Name 1505
Task Name 11504

Employee Name 1506
Task Name 1505

Employee Name 1506
Task Name 11505

Employee Name 1507
Task Name 1506

Employee Name 1507
Task Name 11506

Employee Name 1508
Task Name 1507

Employee Name 1508
Task Name 11507

Employee Name 1509
Task Name 1508

Employee Name 1509
Task Name 11508

Employee Name 1510
Task Name 1509

Employee Name 1510
Task Name 11509

Employee Name 1511
Task Name 1510

Employee Name 1511
Task Name 11510

Employee Name 1512
Task Name 1511

Employee Name 1512
Task Name 11511

Employee Name 1513
Task Name 1512

Employee Name 1513
Task Name 11512

Employee Name 1514
Task Name 1513

Employee Name 1514
Task Name 11513

Employee Name 1515
Task Name 1514

Employee Name 1515
Task Name 11514

Employee Name 1516
Task Name 1515

Employee Name 1516
Task Name 11515

Employee Name 1517
Task Name 1516

Employee Name 1517
Task Name 11516

Employee Name 1518
Task Name 1517

Employee Name 1518
Task Name 11517

Employee Name 1519
Task Name 1518

Employee Name 1519
Task Name 11518

Employee Name 1520
Task Name 1519

Employee Name 1520
Task Name 11519

Employee Name 1521
Task Name 1520

Employee Name 1521
Task Name 11520

Employee Name 1522
Task Name 1521

Employee Name 1522
Task Name 11521

Employee Name 1523
Task Name 1522

Employee Name 1523
Task Name 11522

Employee Name 1524
Task Name 1523

Employee Name 1524
Task Name 11523

Employee Name 1525
Task Name 1524

Employee Name 1525
Task Name 11524

Employee Name 1526
Task Name 1525

Employee Name 1526
Task Name 11525

Employee Name 1527
Task Name 1526

Employee Name 1527
Task Name 11526

Employee Name 1528
Task Name 1527

Employee Name 1528
Task Name 11527

Employee Name 1529
Task Name 1528

Employee Name 1529
Task Name 11528

Employee Name 1530
Task Name 1529

Employee Name 1530
Task Name 11529

Employee Name 1531
Task Name 1530

Employee Name 1531
Task Name 11530

Employee Name 1532
Task Name 1531

Employee Name 1532
Task Name 11531

Employee Name 1533
Task Name 1532

Employee Name 1533
Task Name 11532

Employee Name 1534
Task Name 1533

Employee Name 1534
Task Name 11533

Employee Name 1535
Task Name 1534

Employee Name 1535
Task Name 11534

Employee Name 1536
Task Name 1535

Employee Name 1536
Task Name 11535

Employee Name 1537
Task Name 1536

Employee Name 1537
Task Name 11536

Employee Name 1538
Task Name 1537

Employee Name 1538
Task Name 11537

Employee Name 1539
Task Name 1538

Employee Name 1539
Task Name 11538

Employee Name 1540
Task Name 1539

Employee Name 1540
Task Name 11539

Employee Name 1541
Task Name 1540

Employee Name 1541
Task Name 11540

Employee Name 1542
Task Name 1541

Employee Name 1542
Task Name 11541

Employee Name 1543
Task Name 1542

Employee Name 1543
Task Name 11542

Employee Name 1544
Task Name 1543

Employee Name 1544
Task Name 11543

Employee Name 1545
Task Name 1544

Employee Name 1545
Task Name 11544

Employee Name 1546
Task Name 1545

Employee Name 1546
Task Name 11545

Employee Name 1547
Task Name 1546

Employee Name 1547
Task Name 11546

Employee Name 1548
Task Name 1547

Employee Name 1548
Task Name 11547

Employee Name 1549
Task Name 1548

Employee Name 1549
Task Name 11548

Employee Name 1550
Task Name 1549

Employee Name 1550
Task Name 11549

Employee Name 1001
Task Name 1000

Employee Name 1001
Task Name 11000

Employee Name 1002
Task Name 1001

Employee Name 1002
Task Name 11001

Employee Name 1003
Task Name 1002

Employee Name 1003
Task Name 11002

Employee Name 1004
Task Name 1003

Employee Name 1004
Task Name 11003

Employee Name 1005
Task Name 1004

Employee Name 1005
Task Name 11004

Employee Name 1006
Task Name 1005

Employee Name 1006
Task Name 11005

Employee Name 1007
Task Name 1006

Employee Name 1007
Task Name 11006

Employee Name 1008
Task Name 1007

Employee Name 1008
Task Name 11007

Employee Name 1009
Task Name 1008

Employee Name 1009
Task Name 11008

Employee Name 1010
Task Name 1009

Employee Name 1010
Task Name 11009

Employee Name 1011
Task Name 1010

Employee Name 1011
Task Name 11010

Employee Name 1012
Task Name 1011

Employee Name 1012
Task Name 11011

Employee Name 1013
Task Name 1012

Employee Name 1013
Task Name 11012

Employee Name 1014
Task Name 1013

Employee Name 1014
Task Name 11013

Employee Name 1015
Task Name 1014

Employee Name 1015
Task Name 11014

Employee Name 1016
Task Name 1015

Employee Name 1016
Task Name 11015

Employee Name
----------------------------------------------------------------------------------------------------
Task Name
----------------------------------------------------------------------------------------------------

Employee Name 1017
Task Name 1016

Employee Name 1017
Task Name 11016

Employee Name 1018
Task Name 1017

Employee Name 1018
Task Name 11017

Employee Name 1019
Task Name 1018

Employee Name 1019
Task Name 11018

Employee Name 1020
Task Name 1019

Employee Name 1020
Task Name 11019

Employee Name 1021
Task Name 1020

Employee Name 1021
Task Name 11020

Employee Name 1022
Task Name 1021

Employee Name 1022
Task Name 11021

Employee Name 1023
Task Name 1022

Employee Name 1023
Task Name 11022

Employee Name 1024
Task Name 1023

Employee Name 1024
Task Name 11023

Employee Name 1025
Task Name 1024

Employee Name 1025
Task Name 11024

Employee Name 1026
Task Name 1025

Employee Name 1026
Task Name 11025

Employee Name 1027
Task Name 1026

Employee Name 1027
Task Name 11026

Employee Name 1028
Task Name 1027

Employee Name 1028
Task Name 11027

Employee Name 1029
Task Name 1028

Employee Name 1029
Task Name 11028

Employee Name 1030
Task Name 1029

Employee Name 1030
Task Name 11029

Employee Name 1031
Task Name 1030

Employee Name 1031
Task Name 11030

Employee Name 1032
Task Name 1031

Employee Name 1032
Task Name 11031

Employee Name 1033
Task Name 1032

Employee Name 1033
Task Name 11032

Employee Name 1034
Task Name 1033

Employee Name 1034
Task Name 11033

Employee Name 1035
Task Name 1034

Employee Name 1035
Task Name 11034

Employee Name 1036
Task Name 1035

Employee Name 1036
Task Name 11035

Employee Name 1037
Task Name 1036

Employee Name 1037
Task Name 11036

Employee Name 1038
Task Name 1037

Employee Name 1038
Task Name 11037

Employee Name 1039
Task Name 1038

Employee Name 1039
Task Name 11038

Employee Name 1040
Task Name 1039

Employee Name 1040
Task Name 11039

Employee Name 1041
Task Name 1040

Employee Name 1041
Task Name 11040

Employee Name 1042
Task Name 1041

Employee Name 1042
Task Name 11041

Employee Name 1043
Task Name 1042

Employee Name 1043
Task Name 11042

Employee Name 1044
Task Name 1043

Employee Name 1044
Task Name 11043

Employee Name 1045
Task Name 1044

Employee Name 1045
Task Name 11044

Employee Name 1046
Task Name 1045

Employee Name 1046
Task Name 11045

Employee Name 1047
Task Name 1046

Employee Name 1047
Task Name 11046

Employee Name 1048
Task Name 1047

Employee Name 1048
Task Name 11047

Employee Name 1049
Task Name 1048

Employee Name 1049
Task Name 11048

Employee Name 1050
Task Name 1049

Employee Name 1050
Task Name 11049

Employee Name 2501
Task Name 2500

Employee Name 2501
Task Name 12500

Employee Name 2502
Task Name 2501

Employee Name 2502
Task Name 12501

Employee Name 2503
Task Name 2502

Employee Name 2503
Task Name 12502

Employee Name 2504
Task Name 2503

Employee Name 2504
Task Name 12503

Employee Name 2505
Task Name 2504

Employee Name 2505
Task Name 12504

Employee Name 2506
Task Name 2505

Employee Name 2506
Task Name 12505

Employee Name 2507
Task Name 2506

Employee Name 2507
Task Name 12506

Employee Name 2508
Task Name 2507

Employee Name 2508
Task Name 12507

Employee Name 2509
Task Name 2508

Employee Name 2509
Task Name 12508

Employee Name 2510
Task Name 2509

Employee Name 2510
Task Name 12509

Employee Name 2511
Task Name 2510

Employee Name 2511
Task Name 12510

Employee Name 2512
Task Name 2511

Employee Name 2512
Task Name 12511

Employee Name 2513
Task Name 2512

Employee Name 2513
Task Name 12512

Employee Name 2514
Task Name 2513

Employee Name 2514
Task Name 12513

Employee Name 2515
Task Name 2514

Employee Name 2515
Task Name 12514

Employee Name 2516
Task Name 2515

Employee Name 2516
Task Name 12515

Employee Name 2517
Task Name 2516

Employee Name 2517
Task Name 12516

Employee Name 2518
Task Name 2517

Employee Name 2518
Task Name 12517

Employee Name 2519
Task Name 2518

Employee Name 2519
Task Name 12518

Employee Name 2520
Task Name 2519

Employee Name 2520
Task Name 12519

Employee Name 2521
Task Name 2520

Employee Name 2521
Task Name 12520

Employee Name 2522
Task Name 2521

Employee Name 2522
Task Name 12521

Employee Name 2523
Task Name 2522

Employee Name 2523
Task Name 12522

Employee Name 2524
Task Name 2523

Employee Name 2524
Task Name 12523

Employee Name 2525
Task Name 2524

Employee Name 2525
Task Name 12524

Employee Name 2526
Task Name 2525

Employee Name 2526
Task Name 12525

Employee Name 2527
Task Name 2526

Employee Name 2527
Task Name 12526

Employee Name 2528
Task Name 2527

Employee Name 2528
Task Name 12527

Employee Name 2529
Task Name 2528

Employee Name 2529
Task Name 12528

Employee Name 2530
Task Name 2529

Employee Name 2530
Task Name 12529

Employee Name 2531
Task Name 2530

Employee Name 2531
Task Name 12530

Employee Name 2532
Task Name 2531

Employee Name 2532
Task Name 12531

Employee Name 2533
Task Name 2532

Employee Name 2533
Task Name 12532

Employee Name 2534
Task Name 2533

Employee Name 2534
Task Name 12533

Employee Name 2535
Task Name 2534

Employee Name 2535
Task Name 12534

Employee Name 2536
Task Name 2535

Employee Name 2536
Task Name 12535

Employee Name 2537
Task Name 2536

Employee Name 2537
Task Name 12536

Employee Name 2538
Task Name 2537

Employee Name 2538
Task Name 12537

Employee Name 2539
Task Name 2538

Employee Name 2539
Task Name 12538

Employee Name 2540
Task Name 2539

Employee Name 2540
Task Name 12539

Employee Name 2541
Task Name 2540

Employee Name 2541
Task Name 12540

Employee Name 2542
Task Name 2541

Employee Name 2542
Task Name 12541

Employee Name 2543
Task Name 2542

Employee Name 2543
Task Name 12542

Employee Name 2544
Task Name 2543

Employee Name 2544
Task Name 12543

Employee Name 2545
Task Name 2544

Employee Name 2545
Task Name 12544

Employee Name 2546
Task Name 2545

Employee Name 2546
Task Name 12545

Employee Name 2547
Task Name 2546

Employee Name 2547
Task Name 12546

Employee Name 2548
Task Name 2547

Employee Name 2548
Task Name 12547

Employee Name 2549
Task Name 2548

Employee Name 2549
Task Name 12548

Employee Name 2550
Task Name 2549

Employee Name 2550
Task Name 12549

Employee Name 2001
Task Name 2000

Employee Name 2001
Task Name 12000

Employee Name 2002
Task Name 2001

Employee Name 2002
Task Name 12001

Employee Name 2003
Task Name 2002

Employee Name 2003
Task Name 12002

Employee Name 2004
Task Name 2003

Employee Name 2004
Task Name 12003

Employee Name 2005
Task Name 2004

Employee Name 2005
Task Name 12004

Employee Name 2006
Task Name 2005

Employee Name 2006
Task Name 12005

Employee Name 2007
Task Name 2006

Employee Name 2007
Task Name 12006

Employee Name 2008
Task Name 2007

Employee Name 2008
Task Name 12007

Employee Name 2009
Task Name 2008

Employee Name 2009
Task Name 12008

Employee Name 2010
Task Name 2009

Employee Name 2010
Task Name 12009

Employee Name 2011
Task Name 2010

Employee Name 2011
Task Name 12010

Employee Name 2012
Task Name 2011

Employee Name 2012
Task Name 12011

Employee Name 2013
Task Name 2012

Employee Name 2013
Task Name 12012

Employee Name 2014
Task Name 2013

Employee Name 2014
Task Name 12013

Employee Name 2015
Task Name 2014

Employee Name 2015
Task Name 12014

Employee Name 2016
Task Name 2015

Employee Name 2016
Task Name 12015

Employee Name 2017
Task Name 2016

Employee Name 2017
Task Name 12016

Employee Name 2018
Task Name 2017

Employee Name 2018
Task Name 12017

Employee Name 2019
Task Name 2018

Employee Name 2019
Task Name 12018

Employee Name 2020
Task Name 2019

Employee Name 2020
Task Name 12019

Employee Name 2021
Task Name 2020

Employee Name 2021
Task Name 12020

Employee Name 2022
Task Name 2021

Employee Name 2022
Task Name 12021

Employee Name 2023
Task Name 2022

Employee Name 2023
Task Name 12022

Employee Name 2024
Task Name 2023

Employee Name 2024
Task Name 12023

Employee Name 2025
Task Name 2024

Employee Name 2025
Task Name 12024

Employee Name 2026
Task Name 2025

Employee Name 2026
Task Name 12025

Employee Name 2027
Task Name 2026

Employee Name 2027
Task Name 12026

Employee Name 2028
Task Name 2027

Employee Name 2028
Task Name 12027

Employee Name 2029
Task Name 2028

Employee Name 2029
Task Name 12028

Employee Name 2030
Task Name 2029

Employee Name 2030
Task Name 12029

Employee Name 2031
Task Name 2030

Employee Name 2031
Task Name 12030

Employee Name 2032
Task Name 2031

Employee Name 2032
Task Name 12031

Employee Name 2033
Task Name 2032

Employee Name 2033
Task Name 12032

Employee Name 2034
Task Name 2033

Employee Name 2034
Task Name 12033

Employee Name 2035
Task Name 2034

Employee Name 2035
Task Name 12034

Employee Name 2036
Task Name 2035

Employee Name 2036
Task Name 12035

Employee Name 2037
Task Name 2036

Employee Name 2037
Task Name 12036

Employee Name 2038
Task Name 2037

Employee Name 2038
Task Name 12037

Employee Name 2039
Task Name 2038

Employee Name 2039
Task Name 12038

Employee Name 2040
Task Name 2039

Employee Name 2040
Task Name 12039

Employee Name 2041
Task Name 2040

Employee Name 2041
Task Name 12040

Employee Name 2042
Task Name 2041

Employee Name 2042
Task Name 12041

Employee Name 2043
Task Name 2042

Employee Name 2043
Task Name 12042

Employee Name 2044
Task Name 2043

Employee Name 2044
Task Name 12043

Employee Name 2045
Task Name 2044

Employee Name 2045
Task Name 12044

Employee Name 2046
Task Name 2045

Employee Name 2046
Task Name 12045

Employee Name 2047
Task Name 2046

Employee Name 2047
Task Name 12046

Employee Name 2048
Task Name 2047

Employee Name 2048
Task Name 12047

Employee Name 2049
Task Name 2048

Employee Name 2049
Task Name 12048

Employee Name 2050
Task Name 2049

Employee Name 2050
Task Name 12049

Employee Name 3046
Task Name 3045

Employee Name 3046
Task Name 13045

Employee Name 3047
Task Name 3046

Employee Name 3047
Task Name 13046

Employee Name 3048
Task Name 3047

Employee Name 3048
Task Name 13047

Employee Name 3049
Task Name 3048

Employee Name 3049
Task Name 13048

Employee Name 3050
Task Name 3049

Employee Name 3050
Task Name 13049

Employee Name 3039
Task Name 3038

Employee Name 3039
Task Name 13038

Employee Name 3040
Task Name 3039

Employee Name 3040
Task Name 13039

Employee Name 3041
Task Name 3040

Employee Name 3041
Task Name 13040

Employee Name 3042
Task Name 3041

Employee Name 3042
Task Name 13041

Employee Name 3043
Task Name 3042

Employee Name 3043
Task Name 13042

Employee Name 3044
Task Name 3043

Employee Name 3044
Task Name 13043

Employee Name 3045
Task Name 3044

Employee Name 3045
Task Name 13044

Employee Name 3025
Task Name 3024

Employee Name 3025
Task Name 13024

Employee Name 3026
Task Name 3025

Employee Name 3026
Task Name 13025

Employee Name 3027
Task Name 3026

Employee Name 3027
Task Name 13026

Employee Name 3028
Task Name 3027

Employee Name 3028
Task Name 13027

Employee Name 3029
Task Name 3028

Employee Name 3029
Task Name 13028

Employee Name 3030
Task Name 3029

Employee Name 3030
Task Name 13029

Employee Name 3031
Task Name 3030

Employee Name 3031
Task Name 13030

Employee Name 3001
Task Name 3000

Employee Name 3001
Task Name 13000

Employee Name 3002
Task Name 3001

Employee Name 3002
Task Name 13001

Employee Name 3003
Task Name 3002

Employee Name 3003
Task Name 13002

Employee Name 3004
Task Name 3003

Employee Name 3004
Task Name 13003

Employee Name 3005
Task Name 3004

Employee Name 3005
Task Name 13004

Employee Name 3006
Task Name 3005

Employee Name 3006
Task Name 13005

Employee Name 3007
Task Name 3006

Employee Name 3007
Task Name 13006

Employee Name 3008
Task Name 3007

Employee Name 3008
Task Name 13007

Employee Name 3009
Task Name 3008

Employee Name 3009
Task Name 13008

Employee Name 3010
Task Name 3009

Employee Name 3010
Task Name 13009

Employee Name 3032
Task Name 3031

Employee Name 3032
Task Name 13031

Employee Name 3033
Task Name 3032

Employee Name 3033
Task Name 13032

Employee Name 3034
Task Name 3033

Employee Name 3034

Employee Name
----------------------------------------------------------------------------------------------------
Task Name
----------------------------------------------------------------------------------------------------
Task Name 13033

Employee Name 3035
Task Name 3034

Employee Name 3035
Task Name 13034

Employee Name 3036
Task Name 3035

Employee Name 3036
Task Name 13035

Employee Name 3037
Task Name 3036

Employee Name 3037
Task Name 13036

Employee Name 3038
Task Name 3037

Employee Name 3038
Task Name 13037

Employee Name 3011
Task Name 3010

Employee Name 3011
Task Name 13010

Employee Name 3012
Task Name 3011

Employee Name 3012
Task Name 13011

Employee Name 3013
Task Name 3012

Employee Name 3013
Task Name 13012

Employee Name 3014
Task Name 3013

Employee Name 3014
Task Name 13013

Employee Name 3015
Task Name 3014

Employee Name 3015
Task Name 13014

Employee Name 3016
Task Name 3015

Employee Name 3016
Task Name 13015

Employee Name 3017
Task Name 3016

Employee Name 3017
Task Name 13016

Employee Name 3018
Task Name 3017

Employee Name 3018
Task Name 13017

Employee Name 3019
Task Name 3018

Employee Name 3019
Task Name 13018

Employee Name 3020
Task Name 3019

Employee Name 3020
Task Name 13019

Employee Name 3021
Task Name 3020

Employee Name 3021
Task Name 13020

Employee Name 3022
Task Name 3021

Employee Name 3022
Task Name 13021

Employee Name 3023
Task Name 3022

Employee Name 3023
Task Name 13022

Employee Name 3024
Task Name 3023

Employee Name 3024
Task Name 13023

Employee Name 4033
Task Name 4032

Employee Name 4033
Task Name 14032

Employee Name 4034
Task Name 4033

Employee Name 4034
Task Name 14033

Employee Name 4035
Task Name 4034

Employee Name 4035
Task Name 14034

Employee Name 4036
Task Name 4035

Employee Name 4036
Task Name 14035

Employee Name 4037
Task Name 4036

Employee Name 4037
Task Name 14036

Employee Name 4038
Task Name 4037

Employee Name 4038
Task Name 14037

Employee Name 4039
Task Name 4038

Employee Name 4039
Task Name 14038

Employee Name 4040
Task Name 4039

Employee Name 4040
Task Name 14039

Employee Name 4041
Task Name 4040

Employee Name 4041
Task Name 14040

Employee Name 4042
Task Name 4041

Employee Name 4042
Task Name 14041

Employee Name 4043
Task Name 4042

Employee Name 4043
Task Name 14042

Employee Name 4044
Task Name 4043

Employee Name 4044
Task Name 14043

Employee Name 4045
Task Name 4044

Employee Name 4045
Task Name 14044

Employee Name 4046
Task Name 4045

Employee Name 4046
Task Name 14045

Employee Name 4047
Task Name 4046

Employee Name 4047
Task Name 14046

Employee Name 4048
Task Name 4047

Employee Name 4048
Task Name 14047

Employee Name 4049
Task Name 4048

Employee Name 4049
Task Name 14048

Employee Name 4050
Task Name 4049

Employee Name 4050
Task Name 14049

Employee Name 4001
Task Name 4000

Employee Name 4001
Task Name 14000

Employee Name 4002
Task Name 4001

Employee Name 4002
Task Name 14001

Employee Name 4003
Task Name 4002

Employee Name 4003
Task Name 14002

Employee Name 4004
Task Name 4003

Employee Name 4004
Task Name 14003

Employee Name 4005
Task Name 4004

Employee Name 4005
Task Name 14004

Employee Name 4006
Task Name 4005

Employee Name 4006
Task Name 14005

Employee Name 4007
Task Name 4006

Employee Name 4007
Task Name 14006

Employee Name 4008
Task Name 4007

Employee Name 4008
Task Name 14007

Employee Name 4009
Task Name 4008

Employee Name 4009
Task Name 14008

Employee Name 4010
Task Name 4009

Employee Name 4010
Task Name 14009

Employee Name 4011
Task Name 4010

Employee Name 4011
Task Name 14010

Employee Name 4012
Task Name 4011

Employee Name 4012
Task Name 14011

Employee Name 4013
Task Name 4012

Employee Name 4013
Task Name 14012

Employee Name 4014
Task Name 4013

Employee Name 4014
Task Name 14013

Employee Name 4015
Task Name 4014

Employee Name 4015
Task Name 14014

Employee Name 4016
Task Name 4015

Employee Name 4016
Task Name 14015

Employee Name 4017
Task Name 4016

Employee Name 4017
Task Name 14016

Employee Name 4018
Task Name 4017

Employee Name 4018
Task Name 14017

Employee Name 4019
Task Name 4018

Employee Name 4019
Task Name 14018

Employee Name 4020
Task Name 4019

Employee Name 4020
Task Name 14019

Employee Name 4021
Task Name 4020

Employee Name 4021
Task Name 14020

Employee Name 4022
Task Name 4021

Employee Name 4022
Task Name 14021

Employee Name 4023
Task Name 4022

Employee Name 4023
Task Name 14022

Employee Name 4024
Task Name 4023

Employee Name 4024
Task Name 14023

Employee Name 4025
Task Name 4024

Employee Name 4025
Task Name 14024

Employee Name 4026
Task Name 4025

Employee Name 4026
Task Name 14025

Employee Name 4027
Task Name 4026

Employee Name 4027
Task Name 14026

Employee Name 4028
Task Name 4027

Employee Name 4028
Task Name 14027

Employee Name 4029
Task Name 4028

Employee Name 4029
Task Name 14028

Employee Name 4030
Task Name 4029

Employee Name 4030
Task Name 14029

Employee Name 4031
Task Name 4030

Employee Name 4031
Task Name 14030

Employee Name 4032
Task Name 4031

Employee Name 4032
Task Name 14031

Employee Name 3501
Task Name 3500

Employee Name 3501
Task Name 13500

Employee Name 3502
Task Name 3501

Employee Name 3502
Task Name 13501

Employee Name 3503
Task Name 3502

Employee Name 3503
Task Name 13502

Employee Name 3504
Task Name 3503

Employee Name 3504
Task Name 13503

Employee Name 3505
Task Name 3504

Employee Name 3505
Task Name 13504

Employee Name 3506
Task Name 3505

Employee Name 3506
Task Name 13505

Employee Name 3507
Task Name 3506

Employee Name 3507
Task Name 13506

Employee Name 3508
Task Name 3507

Employee Name 3508
Task Name 13507

Employee Name 3509
Task Name 3508

Employee Name 3509
Task Name 13508

Employee Name 3510
Task Name 3509

Employee Name 3510
Task Name 13509

Employee Name 3511
Task Name 3510

Employee Name 3511
Task Name 13510

Employee Name 3512
Task Name 3511

Employee Name 3512
Task Name 13511

Employee Name 3513
Task Name 3512

Employee Name 3513
Task Name 13512

Employee Name 3514
Task Name 3513

Employee Name 3514
Task Name 13513

Employee Name 3515
Task Name 3514

Employee Name 3515
Task Name 13514

Employee Name 3516
Task Name 3515

Employee Name 3516
Task Name 13515

Employee Name 3517
Task Name 3516

Employee Name 3517
Task Name 13516

Employee Name 3518
Task Name 3517

Employee Name 3518
Task Name 13517

Employee Name 3519
Task Name 3518

Employee Name 3519
Task Name 13518

Employee Name 3520
Task Name 3519

Employee Name 3520
Task Name 13519

Employee Name 3521
Task Name 3520

Employee Name 3521
Task Name 13520

Employee Name 3522
Task Name 3521

Employee Name 3522
Task Name 13521

Employee Name 3523
Task Name 3522

Employee Name 3523
Task Name 13522

Employee Name 3524
Task Name 3523

Employee Name 3524
Task Name 13523

Employee Name 3525
Task Name 3524

Employee Name 3525
Task Name 13524

Employee Name 3526
Task Name 3525

Employee Name 3526
Task Name 13525

Employee Name 3527
Task Name 3526

Employee Name 3527
Task Name 13526

Employee Name 3528
Task Name 3527

Employee Name 3528
Task Name 13527

Employee Name 3529
Task Name 3528

Employee Name 3529
Task Name 13528

Employee Name 3530
Task Name 3529

Employee Name 3530
Task Name 13529

Employee Name 3531
Task Name 3530

Employee Name 3531
Task Name 13530

Employee Name 3532
Task Name 3531

Employee Name 3532
Task Name 13531

Employee Name 3533
Task Name 3532

Employee Name 3533
Task Name 13532

Employee Name 3534
Task Name 3533

Employee Name 3534
Task Name 13533

Employee Name 3535
Task Name 3534

Employee Name 3535
Task Name 13534

Employee Name 3536
Task Name 3535

Employee Name 3536
Task Name 13535

Employee Name 3537
Task Name 3536

Employee Name 3537
Task Name 13536

Employee Name 3538
Task Name 3537

Employee Name 3538
Task Name 13537

Employee Name 3539
Task Name 3538

Employee Name 3539
Task Name 13538

Employee Name 3540
Task Name 3539

Employee Name 3540
Task Name 13539

Employee Name 3541
Task Name 3540

Employee Name 3541
Task Name 13540

Employee Name 3542
Task Name 3541

Employee Name 3542
Task Name 13541

Employee Name 3543
Task Name 3542

Employee Name 3543
Task Name 13542

Employee Name 3544
Task Name 3543

Employee Name 3544
Task Name 13543

Employee Name 3545
Task Name 3544

Employee Name 3545
Task Name 13544

Employee Name 3546
Task Name 3545

Employee Name 3546
Task Name 13545

Employee Name 3547
Task Name 3546

Employee Name 3547
Task Name 13546

Employee Name 3548
Task Name 3547

Employee Name 3548
Task Name 13547

Employee Name 3549
Task Name 3548

Employee Name 3549
Task Name 13548

Employee Name 3550
Task Name 3549

Employee Name 3550
Task Name 13549

Employee Name 5020
Task Name 5019

Employee Name 5020
Task Name 15019

Employee Name 5021
Task Name 5020

Employee Name 5021
Task Name 15020

Employee Name 5022
Task Name 5021

Employee Name 5022
Task Name 15021

Employee Name 5023
Task Name 5022

Employee Name 5023
Task Name 15022

Employee Name 5024
Task Name 5023

Employee Name 5024
Task Name 15023

Employee Name 5025
Task Name 5024

Employee Name 5025
Task Name 15024

Employee Name 5026
Task Name 5025

Employee Name 5026
Task Name 15025

Employee Name 5027
Task Name 5026

Employee Name 5027
Task Name 15026

Employee Name 5028
Task Name 5027

Employee Name 5028
Task Name 15027

Employee Name 5029
Task Name 5028

Employee Name 5029
Task Name 15028

Employee Name 5030
Task Name 5029

Employee Name 5030
Task Name 15029

Employee Name 5031
Task Name 5030

Employee Name 5031
Task Name 15030

Employee Name 5032
Task Name 5031

Employee Name 5032
Task Name 15031

Employee Name 5033
Task Name 5032

Employee Name 5033
Task Name 15032

Employee Name 5034
Task Name 5033

Employee Name 5034
Task Name 15033

Employee Name 5035
Task Name 5034

Employee Name 5035
Task Name 15034

Employee Name 5036
Task Name 5035

Employee Name 5036
Task Name 15035

Employee Name 5037
Task Name 5036

Employee Name 5037
Task Name 15036

Employee Name 5038
Task Name 5037

Employee Name 5038
Task Name 15037

Employee Name 5039
Task Name 5038

Employee Name 5039
Task Name 15038

Employee Name 5040
Task Name 5039

Employee Name 5040
Task Name 15039

Employee Name 5041
Task Name 5040

Employee Name 5041
Task Name 15040

Employee Name 5042
Task Name 5041

Employee Name 5042
Task Name 15041

Employee Name 5043
Task Name 5042

Employee Name 5043
Task Name 15042

Employee Name 5044
Task Name 5043

Employee Name 5044
Task Name 15043

Employee Name 5045
Task Name 5044

Employee Name 5045
Task Name 15044

Employee Name 5046
Task Name 5045

Employee Name 5046
Task Name 15045

Employee Name 5047
Task Name 5046

Employee Name 5047
Task Name 15046

Employee Name 5048
Task Name 5047

Employee Name 5048
Task Name 15047

Employee Name 5049
Task Name 5048

Employee Name 5049
Task Name 15048

Employee Name 5050
Task Name 5049

Employee Name 5050
Task Name 15049

Employee Name 5001
Task Name 5000

Employee Name 5001
Task Name 15000

Employee Name 5002
Task Name 5001

Employee Name 5002
Task Name 15001

Employee Name 5003
Task Name 5002

Employee Name 5003
Task Name 15002

Employee Name 5004
Task Name 5003

Employee Name 5004
Task Name 15003

Employee Name 5005
Task Name 5004

Employee Name 5005
Task Name 15004

Employee Name 5006
Task Name 5005

Employee Name 5006
Task Name 15005

Employee Name 5007
Task Name 5006

Employee Name 5007
Task Name 15006

Employee Name 5008
Task Name 5007

Employee Name 5008
Task Name 15007

Employee Name 5009
Task Name 5008

Employee Name 5009
Task Name 15008

Employee Name 5010
Task Name 5009

Employee Name 5010
Task Name 15009

Employee Name 5011
Task Name 5010

Employee Name 5011
Task Name 15010

Employee Name 5012
Task Name 5011

Employee Name 5012
Task Name 15011

Employee Name 5013
Task Name 5012

Employee Name 5013
Task Name 15012

Employee Name 5014
Task Name 5013

Employee Name 5014
Task Name 15013

Employee Name 5015
Task Name 5014

Employee Name 5015
Task Name 15014

Employee Name 5016
Task Name 5015

Employee Name 5016
Task Name 15015

Employee Name 5017
Task Name 5016


Employee Name
----------------------------------------------------------------------------------------------------
Task Name
----------------------------------------------------------------------------------------------------
Employee Name 5017
Task Name 15016

Employee Name 5018
Task Name 5017

Employee Name 5018
Task Name 15017

Employee Name 5019
Task Name 5018

Employee Name 5019
Task Name 15018

Employee Name 4501
Task Name 4500

Employee Name 4501
Task Name 14500

Employee Name 4502
Task Name 4501

Employee Name 4502
Task Name 14501

Employee Name 4503
Task Name 4502

Employee Name 4503
Task Name 14502

Employee Name 4504
Task Name 4503

Employee Name 4504
Task Name 14503

Employee Name 4505
Task Name 4504

Employee Name 4505
Task Name 14504

Employee Name 4506
Task Name 4505

Employee Name 4506
Task Name 14505

Employee Name 4507
Task Name 4506

Employee Name 4507
Task Name 14506

Employee Name 4508
Task Name 4507

Employee Name 4508
Task Name 14507

Employee Name 4509
Task Name 4508

Employee Name 4509
Task Name 14508

Employee Name 4510
Task Name 4509

Employee Name 4510
Task Name 14509

Employee Name 4511
Task Name 4510

Employee Name 4511
Task Name 14510

Employee Name 4512
Task Name 4511

Employee Name 4512
Task Name 14511

Employee Name 4513
Task Name 4512

Employee Name 4513
Task Name 14512

Employee Name 4514
Task Name 4513

Employee Name 4514
Task Name 14513

Employee Name 4515
Task Name 4514

Employee Name 4515
Task Name 14514

Employee Name 4516
Task Name 4515

Employee Name 4516
Task Name 14515

Employee Name 4517
Task Name 4516

Employee Name 4517
Task Name 14516

Employee Name 4518
Task Name 4517

Employee Name 4518
Task Name 14517

Employee Name 4519
Task Name 4518

Employee Name 4519
Task Name 14518

Employee Name 4520
Task Name 4519

Employee Name 4520
Task Name 14519

Employee Name 4521
Task Name 4520

Employee Name 4521
Task Name 14520

Employee Name 4522
Task Name 4521

Employee Name 4522
Task Name 14521

Employee Name 4523
Task Name 4522

Employee Name 4523
Task Name 14522

Employee Name 4524
Task Name 4523

Employee Name 4524
Task Name 14523

Employee Name 4525
Task Name 4524

Employee Name 4525
Task Name 14524

Employee Name 4526
Task Name 4525

Employee Name 4526
Task Name 14525

Employee Name 4527
Task Name 4526

Employee Name 4527
Task Name 14526

Employee Name 4528
Task Name 4527

Employee Name 4528
Task Name 14527

Employee Name 4529
Task Name 4528

Employee Name 4529
Task Name 14528

Employee Name 4530
Task Name 4529

Employee Name 4530
Task Name 14529

Employee Name 4531
Task Name 4530

Employee Name 4531
Task Name 14530

Employee Name 4532
Task Name 4531

Employee Name 4532
Task Name 14531

Employee Name 4533
Task Name 4532

Employee Name 4533
Task Name 14532

Employee Name 4534
Task Name 4533

Employee Name 4534
Task Name 14533

Employee Name 4535
Task Name 4534

Employee Name 4535
Task Name 14534

Employee Name 4536
Task Name 4535

Employee Name 4536
Task Name 14535

Employee Name 4537
Task Name 4536

Employee Name 4537
Task Name 14536

Employee Name 4538
Task Name 4537

Employee Name 4538
Task Name 14537

Employee Name 4539
Task Name 4538

Employee Name 4539
Task Name 14538

Employee Name 4540
Task Name 4539

Employee Name 4540
Task Name 14539

Employee Name 4541
Task Name 4540

Employee Name 4541
Task Name 14540

Employee Name 4542
Task Name 4541

Employee Name 4542
Task Name 14541

Employee Name 4543
Task Name 4542

Employee Name 4543
Task Name 14542

Employee Name 4544
Task Name 4543

Employee Name 4544
Task Name 14543

Employee Name 4545
Task Name 4544

Employee Name 4545
Task Name 14544

Employee Name 4546
Task Name 4545

Employee Name 4546
Task Name 14545

Employee Name 4547
Task Name 4546

Employee Name 4547
Task Name 14546

Employee Name 4548
Task Name 4547

Employee Name 4548
Task Name 14547

Employee Name 4549
Task Name 4548

Employee Name 4549
Task Name 14548

Employee Name 4550
Task Name 4549

Employee Name 4550
Task Name 14549

Employee Name 6014
Task Name 6013

Employee Name 6014
Task Name 16013

Employee Name 6015
Task Name 6014

Employee Name 6015
Task Name 16014

Employee Name 6016
Task Name 6015

Employee Name 6016
Task Name 16015

Employee Name 6017
Task Name 6016

Employee Name 6017
Task Name 16016

Employee Name 6018
Task Name 6017

Employee Name 6018
Task Name 16017

Employee Name 6019
Task Name 6018

Employee Name 6019
Task Name 16018

Employee Name 6020
Task Name 6019

Employee Name 6020
Task Name 16019

Employee Name 6021
Task Name 6020

Employee Name 6021
Task Name 16020

Employee Name 6022
Task Name 6021

Employee Name 6022
Task Name 16021

Employee Name 6023
Task Name 6022

Employee Name 6023
Task Name 16022

Employee Name 6024
Task Name 6023

Employee Name 6024
Task Name 16023

Employee Name 6025
Task Name 6024

Employee Name 6025
Task Name 16024

Employee Name 6026
Task Name 6025

Employee Name 6026
Task Name 16025

Employee Name 6027
Task Name 6026

Employee Name 6027
Task Name 16026

Employee Name 6028
Task Name 6027

Employee Name 6028
Task Name 16027

Employee Name 6029
Task Name 6028

Employee Name 6029
Task Name 16028

Employee Name 6030
Task Name 6029

Employee Name 6030
Task Name 16029

Employee Name 6031
Task Name 6030

Employee Name 6031
Task Name 16030

Employee Name 6032
Task Name 6031

Employee Name 6032
Task Name 16031

Employee Name 6033
Task Name 6032

Employee Name 6033
Task Name 16032

Employee Name 6034
Task Name 6033

Employee Name 6034
Task Name 16033

Employee Name 6035
Task Name 6034

Employee Name 6035
Task Name 16034

Employee Name 6036
Task Name 6035

Employee Name 6036
Task Name 16035

Employee Name 6037
Task Name 6036

Employee Name 6037
Task Name 16036

Employee Name 6038
Task Name 6037

Employee Name 6038
Task Name 16037

Employee Name 6039
Task Name 6038

Employee Name 6039
Task Name 16038

Employee Name 6040
Task Name 6039

Employee Name 6040
Task Name 16039

Employee Name 6041
Task Name 6040

Employee Name 6041
Task Name 16040

Employee Name 6042
Task Name 6041

Employee Name 6042
Task Name 16041

Employee Name 6043
Task Name 6042

Employee Name 6043
Task Name 16042

Employee Name 6044
Task Name 6043

Employee Name 6044
Task Name 16043

Employee Name 6045
Task Name 6044

Employee Name 6045
Task Name 16044

Employee Name 6046
Task Name 6045

Employee Name 6046
Task Name 16045

Employee Name 6047
Task Name 6046

Employee Name 6047
Task Name 16046

Employee Name 6048
Task Name 6047

Employee Name 6048
Task Name 16047

Employee Name 6049
Task Name 6048

Employee Name 6049
Task Name 16048

Employee Name 6050
Task Name 6049

Employee Name 6050
Task Name 16049

Employee Name 6001
Task Name 6000

Employee Name 6001
Task Name 16000

Employee Name 6002
Task Name 6001

Employee Name 6002
Task Name 16001

Employee Name 6003
Task Name 6002

Employee Name 6003
Task Name 16002

Employee Name 6004
Task Name 6003

Employee Name 6004
Task Name 16003

Employee Name 6005
Task Name 6004

Employee Name 6005
Task Name 16004

Employee Name 6006
Task Name 6005

Employee Name 6006
Task Name 16005

Employee Name 6007
Task Name 6006

Employee Name 6007
Task Name 16006

Employee Name 6008
Task Name 6007

Employee Name 6008
Task Name 16007

Employee Name 6009
Task Name 6008

Employee Name 6009
Task Name 16008

Employee Name 6010
Task Name 6009

Employee Name 6010
Task Name 16009

Employee Name 6011
Task Name 6010

Employee Name 6011
Task Name 16010

Employee Name 6012
Task Name 6011

Employee Name 6012
Task Name 16011

Employee Name 6013
Task Name 6012

Employee Name 6013
Task Name 16012

Employee Name 5501
Task Name 5500

Employee Name 5501
Task Name 15500

Employee Name 5502
Task Name 5501

Employee Name 5502
Task Name 15501

Employee Name 5503
Task Name 5502

Employee Name 5503
Task Name 15502

Employee Name 5504
Task Name 5503

Employee Name 5504
Task Name 15503

Employee Name 5505
Task Name 5504

Employee Name 5505
Task Name 15504

Employee Name 5506
Task Name 5505

Employee Name 5506
Task Name 15505

Employee Name 5507
Task Name 5506

Employee Name 5507
Task Name 15506

Employee Name 5508
Task Name 5507

Employee Name 5508
Task Name 15507

Employee Name 5509
Task Name 5508

Employee Name 5509
Task Name 15508

Employee Name 5510
Task Name 5509

Employee Name 5510
Task Name 15509

Employee Name 5511
Task Name 5510

Employee Name 5511
Task Name 15510

Employee Name 5512
Task Name 5511

Employee Name 5512
Task Name 15511

Employee Name 5513
Task Name 5512

Employee Name 5513
Task Name 15512

Employee Name 5514
Task Name 5513

Employee Name 5514
Task Name 15513

Employee Name 5515
Task Name 5514

Employee Name 5515
Task Name 15514

Employee Name 5516
Task Name 5515

Employee Name 5516
Task Name 15515

Employee Name 5517
Task Name 5516

Employee Name 5517
Task Name 15516

Employee Name 5518
Task Name 5517

Employee Name 5518
Task Name 15517

Employee Name 5519
Task Name 5518

Employee Name 5519
Task Name 15518

Employee Name 5520
Task Name 5519

Employee Name 5520
Task Name 15519

Employee Name 5521
Task Name 5520

Employee Name 5521
Task Name 15520

Employee Name 5522
Task Name 5521

Employee Name 5522
Task Name 15521

Employee Name 5523
Task Name 5522

Employee Name 5523
Task Name 15522

Employee Name 5524
Task Name 5523

Employee Name 5524
Task Name 15523

Employee Name 5525
Task Name 5524

Employee Name 5525
Task Name 15524

Employee Name 5526
Task Name 5525

Employee Name 5526
Task Name 15525

Employee Name 5527
Task Name 5526

Employee Name 5527
Task Name 15526

Employee Name 5528
Task Name 5527

Employee Name 5528
Task Name 15527

Employee Name 5529
Task Name 5528

Employee Name 5529
Task Name 15528

Employee Name 5530
Task Name 5529

Employee Name 5530
Task Name 15529

Employee Name 5531
Task Name 5530

Employee Name 5531
Task Name 15530

Employee Name 5532
Task Name 5531

Employee Name 5532
Task Name 15531

Employee Name 5533
Task Name 5532

Employee Name 5533
Task Name 15532

Employee Name 5534
Task Name 5533

Employee Name 5534
Task Name 15533

Employee Name 5535
Task Name 5534

Employee Name 5535
Task Name 15534

Employee Name 5536
Task Name 5535

Employee Name 5536
Task Name 15535

Employee Name 5537
Task Name 5536

Employee Name 5537
Task Name 15536

Employee Name 5538
Task Name 5537

Employee Name 5538
Task Name 15537

Employee Name 5539
Task Name 5538

Employee Name 5539
Task Name 15538

Employee Name 5540
Task Name 5539

Employee Name 5540
Task Name 15539

Employee Name 5541
Task Name 5540

Employee Name 5541
Task Name 15540

Employee Name 5542
Task Name 5541

Employee Name 5542
Task Name 15541

Employee Name 5543
Task Name 5542

Employee Name 5543
Task Name 15542

Employee Name 5544
Task Name 5543

Employee Name 5544
Task Name 15543

Employee Name 5545
Task Name 5544

Employee Name 5545
Task Name 15544

Employee Name 5546
Task Name 5545

Employee Name 5546
Task Name 15545

Employee Name 5547
Task Name 5546

Employee Name 5547
Task Name 15546

Employee Name 5548
Task Name 5547

Employee Name 5548
Task Name 15547

Employee Name 5549
Task Name 5548

Employee Name 5549
Task Name 15548

Employee Name 5550
Task Name 5549

Employee Name 5550
Task Name 15549

Employee Name 6504
Task Name 6503

Employee Name 6504
Task Name 16503

Employee Name 6505
Task Name 6504

Employee Name 6505
Task Name 16504

Employee Name 6506
Task Name 6505

Employee Name 6506
Task Name 16505

Employee Name 6507
Task Name 6506

Employee Name 6507
Task Name 16506

Employee Name 6508
Task Name 6507

Employee Name 6508
Task Name 16507

Employee Name 6509
Task Name 6508

Employee Name 6509
Task Name 16508

Employee Name 6510
Task Name 6509

Employee Name 6510
Task Name 16509

Employee Name 6525
Task Name 6524

Employee Name 6525
Task Name 16524

Employee Name 6526
Task Name 6525

Employee Name 6526
Task Name 16525

Employee Name 6527
Task Name 6526

Employee Name 6527
Task Name 16526

Employee Name 6528
Task Name 6527

Employee Name 6528
Task Name 16527

Employee Name 6529
Task Name 6528

Employee Name 6529
Task Name 16528

Employee Name 6530
Task Name 6529

Employee Name 6530
Task Name 16529

Employee Name 6531
Task Name 6530

Employee Name
----------------------------------------------------------------------------------------------------
Task Name
----------------------------------------------------------------------------------------------------

Employee Name 6531
Task Name 16530

Employee Name 6532
Task Name 6531

Employee Name 6532
Task Name 16531

Employee Name 6533
Task Name 6532

Employee Name 6533
Task Name 16532

Employee Name 6534
Task Name 6533

Employee Name 6534
Task Name 16533

Employee Name 6535
Task Name 6534

Employee Name 6535
Task Name 16534

Employee Name 6536
Task Name 6535

Employee Name 6536
Task Name 16535

Employee Name 6537
Task Name 6536

Employee Name 6537
Task Name 16536

Employee Name 6538
Task Name 6537

Employee Name 6538
Task Name 16537

Employee Name 6539
Task Name 6538

Employee Name 6539
Task Name 16538

Employee Name 6540
Task Name 6539

Employee Name 6540
Task Name 16539

Employee Name 6541
Task Name 6540

Employee Name 6541
Task Name 16540

Employee Name 6542
Task Name 6541

Employee Name 6542
Task Name 16541

Employee Name 6543
Task Name 6542

Employee Name 6543
Task Name 16542

Employee Name 6544
Task Name 6543

Employee Name 6544
Task Name 16543

Employee Name 6545
Task Name 6544

Employee Name 6545
Task Name 16544

Employee Name 6511
Task Name 6510

Employee Name 6511
Task Name 16510

Employee Name 6512
Task Name 6511

Employee Name 6512
Task Name 16511

Employee Name 6513
Task Name 6512

Employee Name 6513
Task Name 16512

Employee Name 6514
Task Name 6513

Employee Name 6514
Task Name 16513

Employee Name 6515
Task Name 6514

Employee Name 6515
Task Name 16514

Employee Name 6516
Task Name 6515

Employee Name 6516
Task Name 16515

Employee Name 6517
Task Name 6516

Employee Name 6517
Task Name 16516

Employee Name 6501
Task Name 6500

Employee Name 6501
Task Name 16500

Employee Name 6502
Task Name 6501

Employee Name 6502
Task Name 16501

Employee Name 6503
Task Name 6502

Employee Name 6503
Task Name 16502

Employee Name 6546
Task Name 6545

Employee Name 6546
Task Name 16545

Employee Name 6547
Task Name 6546

Employee Name 6547
Task Name 16546

Employee Name 6548
Task Name 6547

Employee Name 6548
Task Name 16547

Employee Name 6549
Task Name 6548

Employee Name 6549
Task Name 16548

Employee Name 6550
Task Name 6549

Employee Name 6550
Task Name 16549

Employee Name 6518
Task Name 6517

Employee Name 6518
Task Name 16517

Employee Name 6519
Task Name 6518

Employee Name 6519
Task Name 16518

Employee Name 6520
Task Name 6519

Employee Name 6520
Task Name 16519

Employee Name 6521
Task Name 6520

Employee Name 6521
Task Name 16520

Employee Name 6522
Task Name 6521

Employee Name 6522
Task Name 16521

Employee Name 6523
Task Name 6522

Employee Name 6523
Task Name 16522

Employee Name 6524
Task Name 6523

Employee Name 6524
Task Name 16523

Employee Name 7501
Task Name 7500

Employee Name 7501
Task Name 17500

Employee Name 7502
Task Name 7501

Employee Name 7502
Task Name 17501

Employee Name 7503
Task Name 7502

Employee Name 7503
Task Name 17502

Employee Name 7504
Task Name 7503

Employee Name 7504
Task Name 17503

Employee Name 7505
Task Name 7504

Employee Name 7505
Task Name 17504

Employee Name 7506
Task Name 7505

Employee Name 7506
Task Name 17505

Employee Name 7507
Task Name 7506

Employee Name 7507
Task Name 17506

Employee Name 7508
Task Name 7507

Employee Name 7508
Task Name 17507

Employee Name 7509
Task Name 7508

Employee Name 7509
Task Name 17508

Employee Name 7510
Task Name 7509

Employee Name 7510
Task Name 17509

Employee Name 7511
Task Name 7510

Employee Name 7511
Task Name 17510

Employee Name 7512
Task Name 7511

Employee Name 7512
Task Name 17511

Employee Name 7513
Task Name 7512

Employee Name 7513
Task Name 17512

Employee Name 7514
Task Name 7513

Employee Name 7514
Task Name 17513

Employee Name 7515
Task Name 7514

Employee Name 7515
Task Name 17514

Employee Name 7516
Task Name 7515

Employee Name 7516
Task Name 17515

Employee Name 7517
Task Name 7516

Employee Name 7517
Task Name 17516

Employee Name 7518
Task Name 7517

Employee Name 7518
Task Name 17517

Employee Name 7519
Task Name 7518

Employee Name 7519
Task Name 17518

Employee Name 7520
Task Name 7519

Employee Name 7520
Task Name 17519

Employee Name 7521
Task Name 7520

Employee Name 7521
Task Name 17520

Employee Name 7522
Task Name 7521

Employee Name 7522
Task Name 17521

Employee Name 7523
Task Name 7522

Employee Name 7523
Task Name 17522

Employee Name 7524
Task Name 7523

Employee Name 7524
Task Name 17523

Employee Name 7525
Task Name 7524

Employee Name 7525
Task Name 17524

Employee Name 7526
Task Name 7525

Employee Name 7526
Task Name 17525

Employee Name 7527
Task Name 7526

Employee Name 7527
Task Name 17526

Employee Name 7528
Task Name 7527

Employee Name 7528
Task Name 17527

Employee Name 7529
Task Name 7528

Employee Name 7529
Task Name 17528

Employee Name 7530
Task Name 7529

Employee Name 7530
Task Name 17529

Employee Name 7531
Task Name 7530

Employee Name 7531
Task Name 17530

Employee Name 7532
Task Name 7531

Employee Name 7532
Task Name 17531

Employee Name 7533
Task Name 7532

Employee Name 7533
Task Name 17532

Employee Name 7534
Task Name 7533

Employee Name 7534
Task Name 17533

Employee Name 7535
Task Name 7534

Employee Name 7535
Task Name 17534

Employee Name 7536
Task Name 7535

Employee Name 7536
Task Name 17535

Employee Name 7537
Task Name 7536

Employee Name 7537
Task Name 17536

Employee Name 7538
Task Name 7537

Employee Name 7538
Task Name 17537

Employee Name 7539
Task Name 7538

Employee Name 7539
Task Name 17538

Employee Name 7540
Task Name 7539

Employee Name 7540
Task Name 17539

Employee Name 7541
Task Name 7540

Employee Name 7541
Task Name 17540

Employee Name 7542
Task Name 7541

Employee Name 7542
Task Name 17541

Employee Name 7543
Task Name 7542

Employee Name 7543
Task Name 17542

Employee Name 7544
Task Name 7543

Employee Name 7544
Task Name 17543

Employee Name 7545
Task Name 7544

Employee Name 7545
Task Name 17544

Employee Name 7546
Task Name 7545

Employee Name 7546
Task Name 17545

Employee Name 7547
Task Name 7546

Employee Name 7547
Task Name 17546

Employee Name 7548
Task Name 7547

Employee Name 7548
Task Name 17547

Employee Name 7549
Task Name 7548

Employee Name 7549
Task Name 17548

Employee Name 7550
Task Name 7549

Employee Name 7550
Task Name 17549

Employee Name 7008
Task Name 7007

Employee Name 7008
Task Name 17007

Employee Name 7009
Task Name 7008

Employee Name 7009
Task Name 17008

Employee Name 7010
Task Name 7009

Employee Name 7010
Task Name 17009

Employee Name 7011
Task Name 7010

Employee Name 7011
Task Name 17010

Employee Name 7012
Task Name 7011

Employee Name 7012
Task Name 17011

Employee Name 7013
Task Name 7012

Employee Name 7013
Task Name 17012

Employee Name 7014
Task Name 7013

Employee Name 7014
Task Name 17013

Employee Name 7015
Task Name 7014

Employee Name 7015
Task Name 17014

Employee Name 7016
Task Name 7015

Employee Name 7016
Task Name 17015

Employee Name 7017
Task Name 7016

Employee Name 7017
Task Name 17016

Employee Name 7018
Task Name 7017

Employee Name 7018
Task Name 17017

Employee Name 7019
Task Name 7018

Employee Name 7019
Task Name 17018

Employee Name 7020
Task Name 7019

Employee Name 7020
Task Name 17019

Employee Name 7021
Task Name 7020

Employee Name 7021
Task Name 17020

Employee Name 7022
Task Name 7021

Employee Name 7022
Task Name 17021

Employee Name 7023
Task Name 7022

Employee Name 7023
Task Name 17022

Employee Name 7024
Task Name 7023

Employee Name 7024
Task Name 17023

Employee Name 7025
Task Name 7024

Employee Name 7025
Task Name 17024

Employee Name 7026
Task Name 7025

Employee Name 7026
Task Name 17025

Employee Name 7027
Task Name 7026

Employee Name 7027
Task Name 17026

Employee Name 7028
Task Name 7027

Employee Name 7028
Task Name 17027

Employee Name 7029
Task Name 7028

Employee Name 7029
Task Name 17028

Employee Name 7030
Task Name 7029

Employee Name 7030
Task Name 17029

Employee Name 7031
Task Name 7030

Employee Name 7031
Task Name 17030

Employee Name 7032
Task Name 7031

Employee Name 7032
Task Name 17031

Employee Name 7033
Task Name 7032

Employee Name 7033
Task Name 17032

Employee Name 7034
Task Name 7033

Employee Name 7034
Task Name 17033

Employee Name 7035
Task Name 7034

Employee Name 7035
Task Name 17034

Employee Name 7036
Task Name 7035

Employee Name 7036
Task Name 17035

Employee Name 7037
Task Name 7036

Employee Name 7037
Task Name 17036

Employee Name 7038
Task Name 7037

Employee Name 7038
Task Name 17037

Employee Name 7039
Task Name 7038

Employee Name 7039
Task Name 17038

Employee Name 7040
Task Name 7039

Employee Name 7040
Task Name 17039

Employee Name 7041
Task Name 7040

Employee Name 7041
Task Name 17040

Employee Name 7042
Task Name 7041

Employee Name 7042
Task Name 17041

Employee Name 7043
Task Name 7042

Employee Name 7043
Task Name 17042

Employee Name 7044
Task Name 7043

Employee Name 7044
Task Name 17043

Employee Name 7045
Task Name 7044

Employee Name 7045
Task Name 17044

Employee Name 7046
Task Name 7045

Employee Name 7046
Task Name 17045

Employee Name 7047
Task Name 7046

Employee Name 7047
Task Name 17046

Employee Name 7048
Task Name 7047

Employee Name 7048
Task Name 17047

Employee Name 7049
Task Name 7048

Employee Name 7049
Task Name 17048

Employee Name 7050
Task Name 7049

Employee Name 7050
Task Name 17049

Employee Name 7001
Task Name 7000

Employee Name 7001
Task Name 17000

Employee Name 7002
Task Name 7001

Employee Name 7002
Task Name 17001

Employee Name 7003
Task Name 7002

Employee Name 7003
Task Name 17002

Employee Name 7004
Task Name 7003

Employee Name 7004
Task Name 17003

Employee Name 7005
Task Name 7004

Employee Name 7005
Task Name 17004

Employee Name 7006
Task Name 7005

Employee Name 7006
Task Name 17005

Employee Name 7007
Task Name 7006

Employee Name 7007
Task Name 17006

Employee Name 8548
Task Name 8547

Employee Name 8548
Task Name 18547

Employee Name 8549
Task Name 8548

Employee Name 8549
Task Name 18548

Employee Name 8550
Task Name 8549

Employee Name 8550
Task Name 18549

Employee Name 8501
Task Name 8500

Employee Name 8501
Task Name 18500

Employee Name 8502
Task Name 8501

Employee Name 8502
Task Name 18501

Employee Name 8503
Task Name 8502

Employee Name 8503
Task Name 18502

Employee Name 8504
Task Name 8503

Employee Name 8504
Task Name 18503

Employee Name 8505
Task Name 8504

Employee Name 8505
Task Name 18504

Employee Name 8506
Task Name 8505

Employee Name 8506
Task Name 18505

Employee Name 8507
Task Name 8506

Employee Name 8507
Task Name 18506

Employee Name 8508
Task Name 8507

Employee Name 8508
Task Name 18507

Employee Name 8509
Task Name 8508

Employee Name 8509
Task Name 18508

Employee Name 8510
Task Name 8509

Employee Name 8510
Task Name 18509

Employee Name 8511
Task Name 8510

Employee Name 8511
Task Name 18510

Employee Name 8512
Task Name 8511

Employee Name 8512
Task Name 18511

Employee Name 8513
Task Name 8512

Employee Name 8513
Task Name 18512

Employee Name 8514
Task Name 8513

Employee Name 8514
Task Name 18513

Employee Name 8515
Task Name 8514

Employee Name 8515
Task Name 18514

Employee Name 8516
Task Name 8515

Employee Name 8516
Task Name 18515

Employee Name 8517
Task Name 8516

Employee Name 8517
Task Name 18516

Employee Name 8518
Task Name 8517

Employee Name 8518
Task Name 18517

Employee Name 8519
Task Name 8518

Employee Name 8519
Task Name 18518

Employee Name 8520
Task Name 8519

Employee Name 8520
Task Name 18519

Employee Name 8521
Task Name 8520

Employee Name 8521
Task Name 18520

Employee Name 8522
Task Name 8521

Employee Name 8522
Task Name 18521

Employee Name 8523
Task Name 8522

Employee Name 8523
Task Name 18522

Employee Name 8524
Task Name 8523

Employee Name 8524
Task Name 18523

Employee Name 8525
Task Name 8524

Employee Name 8525
Task Name 18524

Employee Name 8526
Task Name 8525

Employee Name 8526
Task Name 18525

Employee Name 8527

Employee Name
----------------------------------------------------------------------------------------------------
Task Name
----------------------------------------------------------------------------------------------------
Task Name 8526

Employee Name 8527
Task Name 18526

Employee Name 8528
Task Name 8527

Employee Name 8528
Task Name 18527

Employee Name 8529
Task Name 8528

Employee Name 8529
Task Name 18528

Employee Name 8530
Task Name 8529

Employee Name 8530
Task Name 18529

Employee Name 8531
Task Name 8530

Employee Name 8531
Task Name 18530

Employee Name 8532
Task Name 8531

Employee Name 8532
Task Name 18531

Employee Name 8533
Task Name 8532

Employee Name 8533
Task Name 18532

Employee Name 8534
Task Name 8533

Employee Name 8534
Task Name 18533

Employee Name 8535
Task Name 8534

Employee Name 8535
Task Name 18534

Employee Name 8536
Task Name 8535

Employee Name 8536
Task Name 18535

Employee Name 8537
Task Name 8536

Employee Name 8537
Task Name 18536

Employee Name 8538
Task Name 8537

Employee Name 8538
Task Name 18537

Employee Name 8539
Task Name 8538

Employee Name 8539
Task Name 18538

Employee Name 8540
Task Name 8539

Employee Name 8540
Task Name 18539

Employee Name 8541
Task Name 8540

Employee Name 8541
Task Name 18540

Employee Name 8542
Task Name 8541

Employee Name 8542
Task Name 18541

Employee Name 8543
Task Name 8542

Employee Name 8543
Task Name 18542

Employee Name 8544
Task Name 8543

Employee Name 8544
Task Name 18543

Employee Name 8545
Task Name 8544

Employee Name 8545
Task Name 18544

Employee Name 8546
Task Name 8545

Employee Name 8546
Task Name 18545

Employee Name 8547
Task Name 8546

Employee Name 8547
Task Name 18546

Employee Name 8002
Task Name 8001

Employee Name 8002
Task Name 18001

Employee Name 8003
Task Name 8002

Employee Name 8003
Task Name 18002

Employee Name 8004
Task Name 8003

Employee Name 8004
Task Name 18003

Employee Name 8005
Task Name 8004

Employee Name 8005
Task Name 18004

Employee Name 8006
Task Name 8005

Employee Name 8006
Task Name 18005

Employee Name 8007
Task Name 8006

Employee Name 8007
Task Name 18006

Employee Name 8008
Task Name 8007

Employee Name 8008
Task Name 18007

Employee Name 8009
Task Name 8008

Employee Name 8009
Task Name 18008

Employee Name 8010
Task Name 8009

Employee Name 8010
Task Name 18009

Employee Name 8011
Task Name 8010

Employee Name 8011
Task Name 18010

Employee Name 8012
Task Name 8011

Employee Name 8012
Task Name 18011

Employee Name 8013
Task Name 8012

Employee Name 8013
Task Name 18012

Employee Name 8014
Task Name 8013

Employee Name 8014
Task Name 18013

Employee Name 8015
Task Name 8014

Employee Name 8015
Task Name 18014

Employee Name 8016
Task Name 8015

Employee Name 8016
Task Name 18015

Employee Name 8017
Task Name 8016

Employee Name 8017
Task Name 18016

Employee Name 8018
Task Name 8017

Employee Name 8018
Task Name 18017

Employee Name 8019
Task Name 8018

Employee Name 8019
Task Name 18018

Employee Name 8020
Task Name 8019

Employee Name 8020
Task Name 18019

Employee Name 8021
Task Name 8020

Employee Name 8021
Task Name 18020

Employee Name 8022
Task Name 8021

Employee Name 8022
Task Name 18021

Employee Name 8023
Task Name 8022

Employee Name 8023
Task Name 18022

Employee Name 8024
Task Name 8023

Employee Name 8024
Task Name 18023

Employee Name 8025
Task Name 8024

Employee Name 8025
Task Name 18024

Employee Name 8026
Task Name 8025

Employee Name 8026
Task Name 18025

Employee Name 8027
Task Name 8026

Employee Name 8027
Task Name 18026

Employee Name 8028
Task Name 8027

Employee Name 8028
Task Name 18027

Employee Name 8029
Task Name 8028

Employee Name 8029
Task Name 18028

Employee Name 8030
Task Name 8029

Employee Name 8030
Task Name 18029

Employee Name 8031
Task Name 8030

Employee Name 8031
Task Name 18030

Employee Name 8032
Task Name 8031

Employee Name 8032
Task Name 18031

Employee Name 8033
Task Name 8032

Employee Name 8033
Task Name 18032

Employee Name 8034
Task Name 8033

Employee Name 8034
Task Name 18033

Employee Name 8035
Task Name 8034

Employee Name 8035
Task Name 18034

Employee Name 8036
Task Name 8035

Employee Name 8036
Task Name 18035

Employee Name 8037
Task Name 8036

Employee Name 8037
Task Name 18036

Employee Name 8038
Task Name 8037

Employee Name 8038
Task Name 18037

Employee Name 8039
Task Name 8038

Employee Name 8039
Task Name 18038

Employee Name 8040
Task Name 8039

Employee Name 8040
Task Name 18039

Employee Name 8041
Task Name 8040

Employee Name 8041
Task Name 18040

Employee Name 8042
Task Name 8041

Employee Name 8042
Task Name 18041

Employee Name 8043
Task Name 8042

Employee Name 8043
Task Name 18042

Employee Name 8044
Task Name 8043

Employee Name 8044
Task Name 18043

Employee Name 8045
Task Name 8044

Employee Name 8045
Task Name 18044

Employee Name 8046
Task Name 8045

Employee Name 8046
Task Name 18045

Employee Name 8047
Task Name 8046

Employee Name 8047
Task Name 18046

Employee Name 8048
Task Name 8047

Employee Name 8048
Task Name 18047

Employee Name 8049
Task Name 8048

Employee Name 8049
Task Name 18048

Employee Name 8050
Task Name 8049

Employee Name 8050
Task Name 18049

Employee Name 8001
Task Name 8000

Employee Name 8001
Task Name 18000

Employee Name 9542
Task Name 9541

Employee Name 9542
Task Name 19541

Employee Name 9543
Task Name 9542

Employee Name 9543
Task Name 19542

Employee Name 9544
Task Name 9543

Employee Name 9544
Task Name 19543

Employee Name 9545
Task Name 9544

Employee Name 9545
Task Name 19544

Employee Name 9546
Task Name 9545

Employee Name 9546
Task Name 19545

Employee Name 9547
Task Name 9546

Employee Name 9547
Task Name 19546

Employee Name 9548
Task Name 9547

Employee Name 9548
Task Name 19547

Employee Name 9549
Task Name 9548

Employee Name 9549
Task Name 19548

Employee Name 9550
Task Name 9549

Employee Name 9550
Task Name 19549

Employee Name 9501
Task Name 9500

Employee Name 9501
Task Name 19500

Employee Name 9502
Task Name 9501

Employee Name 9502
Task Name 19501

Employee Name 9503
Task Name 9502

Employee Name 9503
Task Name 19502

Employee Name 9504
Task Name 9503

Employee Name 9504
Task Name 19503

Employee Name 9505
Task Name 9504

Employee Name 9505
Task Name 19504

Employee Name 9506
Task Name 9505

Employee Name 9506
Task Name 19505

Employee Name 9507
Task Name 9506

Employee Name 9507
Task Name 19506

Employee Name 9508
Task Name 9507

Employee Name 9508
Task Name 19507

Employee Name 9509
Task Name 9508

Employee Name 9509
Task Name 19508

Employee Name 9510
Task Name 9509

Employee Name 9510
Task Name 19509

Employee Name 9511
Task Name 9510

Employee Name 9511
Task Name 19510

Employee Name 9512
Task Name 9511

Employee Name 9512
Task Name 19511

Employee Name 9513
Task Name 9512

Employee Name 9513
Task Name 19512

Employee Name 9514
Task Name 9513

Employee Name 9514
Task Name 19513

Employee Name 9515
Task Name 9514

Employee Name 9515
Task Name 19514

Employee Name 9516
Task Name 9515

Employee Name 9516
Task Name 19515

Employee Name 9517
Task Name 9516

Employee Name 9517
Task Name 19516

Employee Name 9518
Task Name 9517

Employee Name 9518
Task Name 19517

Employee Name 9519
Task Name 9518

Employee Name 9519
Task Name 19518

Employee Name 9520
Task Name 9519

Employee Name 9520
Task Name 19519

Employee Name 9521
Task Name 9520

Employee Name 9521
Task Name 19520

Employee Name 9522
Task Name 9521

Employee Name 9522
Task Name 19521

Employee Name 9523
Task Name 9522

Employee Name 9523
Task Name 19522

Employee Name 9524
Task Name 9523

Employee Name 9524
Task Name 19523

Employee Name 9525
Task Name 9524

Employee Name 9525
Task Name 19524

Employee Name 9526
Task Name 9525

Employee Name 9526
Task Name 19525

Employee Name 9527
Task Name 9526

Employee Name 9527
Task Name 19526

Employee Name 9528
Task Name 9527

Employee Name 9528
Task Name 19527

Employee Name 9529
Task Name 9528

Employee Name 9529
Task Name 19528

Employee Name 9530
Task Name 9529

Employee Name 9530
Task Name 19529

Employee Name 9531
Task Name 9530

Employee Name 9531
Task Name 19530

Employee Name 9532
Task Name 9531

Employee Name 9532
Task Name 19531

Employee Name 9533
Task Name 9532

Employee Name 9533
Task Name 19532

Employee Name 9534
Task Name 9533

Employee Name 9534
Task Name 19533

Employee Name 9535
Task Name 9534

Employee Name 9535
Task Name 19534

Employee Name 9536
Task Name 9535

Employee Name 9536
Task Name 19535

Employee Name 9537
Task Name 9536

Employee Name 9537
Task Name 19536

Employee Name 9538
Task Name 9537

Employee Name 9538
Task Name 19537

Employee Name 9539
Task Name 9538

Employee Name 9539
Task Name 19538

Employee Name 9540
Task Name 9539

Employee Name 9540
Task Name 19539

Employee Name 9541
Task Name 9540

Employee Name 9541
Task Name 19540

Employee Name 9001
Task Name 9000

Employee Name 9001
Task Name 19000

Employee Name 9002
Task Name 9001

Employee Name 9002
Task Name 19001

Employee Name 9003
Task Name 9002

Employee Name 9003
Task Name 19002

Employee Name 9004
Task Name 9003

Employee Name 9004
Task Name 19003

Employee Name 9005
Task Name 9004

Employee Name 9005
Task Name 19004

Employee Name 9006
Task Name 9005

Employee Name 9006
Task Name 19005

Employee Name 9007
Task Name 9006

Employee Name 9007
Task Name 19006

Employee Name 9008
Task Name 9007

Employee Name 9008
Task Name 19007

Employee Name 9009
Task Name 9008

Employee Name 9009
Task Name 19008

Employee Name 9010
Task Name 9009

Employee Name 9010
Task Name 19009

Employee Name 9011
Task Name 9010

Employee Name 9011
Task Name 19010

Employee Name 9012
Task Name 9011

Employee Name 9012
Task Name 19011

Employee Name 9013
Task Name 9012

Employee Name 9013
Task Name 19012

Employee Name 9014
Task Name 9013

Employee Name 9014
Task Name 19013

Employee Name 9015
Task Name 9014

Employee Name 9015
Task Name 19014

Employee Name 9016
Task Name 9015

Employee Name 9016
Task Name 19015

Employee Name 9017
Task Name 9016

Employee Name 9017
Task Name 19016

Employee Name 9018
Task Name 9017

Employee Name 9018
Task Name 19017

Employee Name 9019
Task Name 9018

Employee Name 9019
Task Name 19018

Employee Name 9020
Task Name 9019

Employee Name 9020
Task Name 19019

Employee Name 9021
Task Name 9020

Employee Name 9021
Task Name 19020

Employee Name 9022
Task Name 9021

Employee Name 9022
Task Name 19021

Employee Name 9023
Task Name 9022

Employee Name 9023
Task Name 19022

Employee Name 9024
Task Name 9023

Employee Name 9024
Task Name 19023

Employee Name 9025
Task Name 9024

Employee Name 9025
Task Name 19024

Employee Name 9026
Task Name 9025

Employee Name 9026
Task Name 19025

Employee Name 9027
Task Name 9026

Employee Name 9027
Task Name 19026

Employee Name 9028
Task Name 9027

Employee Name 9028
Task Name 19027

Employee Name 9029
Task Name 9028

Employee Name 9029
Task Name 19028

Employee Name 9030
Task Name 9029

Employee Name 9030
Task Name 19029

Employee Name 9031
Task Name 9030

Employee Name 9031
Task Name 19030

Employee Name 9032
Task Name 9031

Employee Name 9032
Task Name 19031

Employee Name 9033
Task Name 9032

Employee Name 9033
Task Name 19032

Employee Name 9034
Task Name 9033

Employee Name 9034
Task Name 19033

Employee Name 9035
Task Name 9034

Employee Name 9035
Task Name 19034

Employee Name 9036
Task Name 9035

Employee Name 9036
Task Name 19035

Employee Name 9037
Task Name 9036

Employee Name 9037
Task Name 19036

Employee Name 9038
Task Name 9037

Employee Name 9038
Task Name 19037

Employee Name 9039
Task Name 9038

Employee Name 9039
Task Name 19038

Employee Name 9040
Task Name 9039

Employee Name 9040
Task Name 19039

Employee Name 9041
Task Name 9040

Employee Name 9041
Task Name 19040

Employee Name 9042
Task Name 9041

Employee Name 9042
Task Name 19041

Employee Name 9043
Task Name 9042

Employee Name 9043
Task Name 19042

Employee Name 9044
Task Name 9043

Employee Name 9044
Task Name 19043

Employee Name 9045
Task Name 9044

Employee Name 9045
Task Name 19044


Employee Name
----------------------------------------------------------------------------------------------------
Task Name
----------------------------------------------------------------------------------------------------
Employee Name 9046
Task Name 9045

Employee Name 9046
Task Name 19045

Employee Name 9047
Task Name 9046

Employee Name 9047
Task Name 19046

Employee Name 9048
Task Name 9047

Employee Name 9048
Task Name 19047

Employee Name 9049
Task Name 9048

Employee Name 9049
Task Name 19048

Employee Name 9050
Task Name 9049

Employee Name 9050
Task Name 19049


2000 rows selected.

SQL> 
SQL> @@sta
SQL> set linesize 200
SQL> set tab off
SQL> set pagesize 1000
SQL> column plan_table_output format a180
SQL> 
SQL> SELECT *
  2  FROM table(DBMS_XPLAN.DISPLAY_CURSOR(FORMAT=>'LAST ALLSTATS -MEMSTATS'));

PLAN_TABLE_OUTPUT
------------------------------------------------------------------------------------------------------------------------------------------------------------------------------------
SQL_ID  btcqg97jps7x9, child number 0
-------------------------------------
select /*+ gather_plan_statistics  */        e.ename as "Employee
Name",        t.tname as "Task Name" from   employees        e
join tasks t on (t.emp_id = e.id) where  t.ttype <= 50

Plan hash value: 2362981425

--------------------------------------------------------------------------------------------------------------------------
| Id  | Operation          | Name      | Starts | E-Rows |E-Bytes| Cost (%CPU)| E-Time   | A-Rows |   A-Time   | Buffers |
--------------------------------------------------------------------------------------------------------------------------
|   0 | SELECT STATEMENT   |           |      1 |        |       |  1197 (100)|          |   2000 |00:00:00.03 |    4467 |
|*  1 |  HASH JOIN         |           |      1 |   2004 | 94188 |  1197   (1)| 00:00:01 |   2000 |00:00:00.03 |    4467 |
|*  2 |   TABLE ACCESS FULL| TASKS     |      1 |   2004 | 48096 |   786   (1)| 00:00:01 |   2000 |00:00:00.03 |    2896 |
|   3 |   TABLE ACCESS FULL| EMPLOYEES |      1 |  10000 |   224K|   410   (1)| 00:00:01 |  10000 |00:00:00.03 |    1571 |
--------------------------------------------------------------------------------------------------------------------------

Predicate Information (identified by operation id):
---------------------------------------------------

   1 - access("T"."EMP_ID"="E"."ID")
   2 - filter("T"."TTYPE"<=50)

Note
-----
   - this is an adaptive plan


27 rows selected.

SQL> spool off
