===========================================================================
                     STATISTICS FOR "ROGER"."FOOINDEX"
===========================================================================

indexed documents:                                                      1
allocated docids:                                                       1
$I rows:                                                                2

---------------------------------------------------------------------------
                             TOKEN STATISTICS
---------------------------------------------------------------------------

unique tokens:                                                          2
average $I rows per token:                                           1.00
tokens with most $I rows:
  SMITH (17:FIELD "LAST" TEXT)                                          1
  JOE (16:FIELD "FIRST" TEXT)                                           1

average size per token:                                                 3
tokens with largest size:
  SMITH (17:FIELD "LAST" TEXT)                                          3
  JOE (16:FIELD "FIRST" TEXT)                                           3

average frequency per token:                                         1.00
most frequent tokens:
  SMITH (17:FIELD "LAST" TEXT)                                          1
  JOE (16:FIELD "FIRST" TEXT)                                           1

token statistics by type:
  token type:                                       16:FIELD "FIRST" TEXT
    unique tokens:                                                      1
    total rows:                                                         1
    average rows:                                                    1.00
    total size:                                                         3
    average size:                                                       3
    average frequency:                                               1.00
    most frequent tokens:
      JOE                                                               1

  token type:                                        17:FIELD "LAST" TEXT
    unique tokens:                                                      1
    total rows:                                                         1
    average rows:                                                    1.00
    total size:                                                         3
    average size:                                                       3
    average frequency:                                               1.00
    most frequent tokens:
      SMITH                                                             1


---------------------------------------------------------------------------
                         FRAGMENTATION STATISTICS
---------------------------------------------------------------------------

total size of $I data:                                                  6

$I rows:                                                                2
estimated $I rows if optimal:                                           2
estimated row fragmentation:                                          0 %

garbage docids:                                                         0
estimated garbage size:                                                 0

most fragmented tokens:
  SMITH (17:FIELD "LAST" TEXT)                                        0 %
  JOE (16:FIELD "FIRST" TEXT)                                         0 %



